exports[`test renders correctly 1`] = `
<div
  className="course-list">
  <h2>
    example course
  </h2>
  <ul>
    <li
      onClick={[Function]}>
      example course
    </li>
  </ul>
  <div>
    <p>
      Choose 
      <a
        className="redirect"
        onClick={[Function]}
        style={Object {}}>
        Quiz
      </a>
       or 
      <a
        className="redirect"
        onClick={[Function]}
        style={Object {}}>
        Lessons
      </a>
       to access course content
    </p>
  </div>
  <button
    onClick={[Function]}>
    Logout
  </button>
</div>
`;
