exports[`test renders correctly 1`] = `
<div
  className="loginContainer">
  <h3
    className="title">
    Login
  </h3>
  <form
    id="authForm"
    onSubmit={[Function]}>
    <input
      className="auth"
      id="email"
      placeholder="email"
      type="email" />
    <input
      className="auth"
      id="password"
      placeholder="password"
      type="password" />
    <button
      className="authButton"
      type="submit">
      Login
    </button>
  </form>
  <button
    className="authButton"
    onClick={[Function]}>
    Demo
  </button>
</div>
`;
